{"ts": "2026-08-31T23:15:29.900044+00:00", "request_id": "3f31109f4407", "metodo": "GET", "caminho": "/saude", "status": 200, "duracao_ms": 1.24}
{"ts": "2026-08-31T23:15:30.089427+00:00", "request_id": "e4e1d73199e7", "metodo": "GET", "caminho": "/saude", "status": 200, "duracao_ms": 0.45}
{"ts": "2026-08-31T23:15:30.093608+00:00", "request_id": "975d5ff85966", "metodo": "POST", "caminho": "/oficinas", "status": 201, "duracao_ms": 2.45}
{"ts": "2026-08-31T23:15:30.096470+00:00", "request_id": "15c00f3dcfe8", "metodo": "POST", "caminho": "/oficinas", "status": 201, "duracao_ms": 1.64}
{"ts": "2026-08-31T23:15:30.098260+00:00", "request_id": "dcc7e54cacd1", "metodo": "GET", "caminho": "/oficinas", "status": 200, "duracao_ms": 0.58}
{"ts": "2026-08-31T23:15:30.099903+00:00", "request_id": "d1b7ac59745e", "metodo": "GET", "caminho": "/oficinas/6", "status": 200, "duracao_ms": 0.46}
{"ts": "2026-08-31T23:15:30.101471+00:00", "request_id": "139618756a0f", "metodo": "GET", "caminho": "/oficinas/6/inscricoes", "status": 200, "duracao_ms": 0.43}
{"ts": "2026-08-31T23:15:30.102895+00:00", "request_id": "c181ebc21d87", "metodo": "POST", "caminho": "/oficinas", "status": 422, "duracao_ms": 0.3}
{"ts": "2026-08-31T23:15:30.104261+00:00", "request_id": "559f17365571", "metodo": "POST", "caminho": "/oficinas", "status": 422, "duracao_ms": 0.27}
{"ts": "2026-08-31T23:15:30.105700+00:00", "request_id": "e0942782d2ee", "metodo": "POST", "caminho": "/oficinas/6/inscricoes", "status": 422, "duracao_ms": 0.4}
{"ts": "2026-08-31T23:15:30.106937+00:00", "request_id": "01f354619a86", "metodo": "GET", "caminho": "/oficinas", "status": 422, "duracao_ms": 0.18}
{"ts": "2026-08-31T23:15:30.108454+00:00", "request_id": "d89f186d7039", "metodo": "GET", "caminho": "/oficinas/9999", "status": 404, "duracao_ms": 0.5}
{"ts": "2026-08-31T23:15:30.109712+00:00", "request_id": "f57591cb4ecb", "metodo": "GET", "caminho": "/oficinas/9999/inscricoes", "status": 404, "duracao_ms": 0.23}
{"ts": "2026-08-31T23:15:30.110966+00:00", "request_id": "9246bb052b7a", "metodo": "GET", "caminho": "/inscricoes/9999", "status": 404, "duracao_ms": 0.27}
{"ts": "2026-08-31T23:15:30.127842+00:00", "request_id": "fbc314fabca0", "metodo": "GET", "caminho": "/oficinas/6", "status": 304, "duracao_ms": 0.32}
{"ts": "2026-08-31T23:15:30.129517+00:00", "request_id": "3031909c0829", "metodo": "PATCH", "caminho": "/oficinas/6", "status": 428, "duracao_ms": 0.52}
{"ts": "2026-08-31T23:15:30.142999+00:00", "request_id": "dcdeee799311", "metodo": "PATCH", "caminho": "/oficinas/6", "status": 412, "duracao_ms": 0.6}
{"ts": "2026-08-31T23:15:30.145724+00:00", "request_id": "97f9dc156460", "metodo": "PATCH", "caminho": "/oficinas/6", "status": 200, "duracao_ms": 1.52}
{"ts": "2026-08-31T23:15:30.158320+00:00", "request_id": "ee07928e14ad", "metodo": "PATCH", "caminho": "/oficinas/6", "status": 412, "duracao_ms": 0.4}
{"ts": "2026-08-31T23:15:30.159772+00:00", "request_id": "3d057f9ab4bc", "metodo": "GET", "caminho": "/oficinas/6", "status": 200, "duracao_ms": 0.33}
{"ts": "2026-08-31T23:15:30.162689+00:00", "request_id": "216c6455e090", "metodo": "PUT", "caminho": "/oficinas/6", "status": 200, "duracao_ms": 1.83}
{"ts": "2026-08-31T23:15:30.165217+00:00", "request_id": "834c654d4b2f", "metodo": "POST", "caminho": "/oficinas/6/inscricoes", "status": 201, "duracao_ms": 1.38}
{"ts": "2026-08-31T23:15:30.166717+00:00", "request_id": "e46513498383", "metodo": "POST", "caminho": "/oficinas/6/inscricoes", "status": 409, "duracao_ms": 0.37}
{"ts": "2026-08-31T23:15:30.169108+00:00", "request_id": "1075ea5962e6", "metodo": "POST", "caminho": "/oficinas/6/inscricoes", "status": 201, "duracao_ms": 1.28}
{"ts": "2026-08-31T23:15:30.170604+00:00", "request_id": "adc0effb85a7", "metodo": "DELETE", "caminho": "/oficinas/6", "status": 409, "duracao_ms": 0.38}
{"ts": "2026-08-31T23:15:30.172398+00:00", "request_id": "09414c8840f0", "metodo": "PATCH", "caminho": "/oficinas/6", "status": 409, "duracao_ms": 0.68}
{"ts": "2026-08-31T23:15:30.174395+00:00", "request_id": "fa2f9c17665e", "metodo": "PATCH", "caminho": "/oficinas/6", "status": 409, "duracao_ms": 0.92}
{"ts": "2026-08-31T23:15:30.177328+00:00", "request_id": "9195426b7648", "metodo": "POST", "caminho": "/oficinas", "status": 201, "duracao_ms": 1.65}
{"ts": "2026-08-31T23:15:30.179940+00:00", "request_id": "b619e9ce7bb5", "metodo": "POST", "caminho": "/oficinas/8/inscricoes", "status": 201, "duracao_ms": 1.42}
{"ts": "2026-08-31T23:15:30.181402+00:00", "request_id": "116f12c97898", "metodo": "POST", "caminho": "/oficinas/8/inscricoes", "status": 409, "duracao_ms": 0.36}
{"ts": "2026-08-31T23:15:30.183822+00:00", "request_id": "a6f0883dd8b1", "metodo": "POST", "caminho": "/oficinas", "status": 201, "duracao_ms": 1.39}
{"ts": "2026-08-31T23:15:30.185233+00:00", "request_id": "0904bbdae2a3", "metodo": "POST", "caminho": "/oficinas/9/inscricoes", "status": 409, "duracao_ms": 0.36}
{"ts": "2026-08-31T23:15:30.187631+00:00", "request_id": "09124eea0ba1", "metodo": "PATCH", "caminho": "/inscricoes/3", "status": 200, "duracao_ms": 1.35}
{"ts": "2026-08-31T23:15:30.189961+00:00", "request_id": "56e7772885b2", "metodo": "DELETE", "caminho": "/inscricoes/3", "status": 204, "duracao_ms": 1.31}
{"ts": "2026-08-31T23:15:30.192111+00:00", "request_id": "73c8814c6ba2", "metodo": "DELETE", "caminho": "/inscricoes/3", "status": 204, "duracao_ms": 1.07}
{"ts": "2026-08-31T23:15:30.205009+00:00", "request_id": "db50a02e1323", "metodo": "PATCH", "caminho": "/inscricoes/3", "status": 409, "duracao_ms": 0.46}
{"ts": "2026-08-31T23:15:30.207265+00:00", "request_id": "11d3758b45f6", "metodo": "DELETE", "caminho": "/inscricoes/4", "status": 204, "duracao_ms": 1.11}
{"ts": "2026-08-31T23:15:30.208682+00:00", "request_id": "5b82a8291196", "metodo": "GET", "caminho": "/oficinas/6", "status": 200, "duracao_ms": 0.34}
{"ts": "2026-08-31T23:15:30.210848+00:00", "request_id": "7d906dcb2514", "metodo": "DELETE", "caminho": "/oficinas/6", "status": 204, "duracao_ms": 1.08}
{"ts": "2026-08-31T23:15:30.212159+00:00", "request_id": "8f85019b20e8", "metodo": "DELETE", "caminho": "/oficinas/6", "status": 404, "duracao_ms": 0.25}
{"ts": "2026-08-31T23:15:32.213971+00:00", "request_id": "6fa383c2cc67", "metodo": "GET", "caminho": "/debug/lento", "status": 200, "duracao_ms": 2000.74}
{"ts": "2026-08-31T23:15:32.744978+00:00", "request_id": "4d9bed648cfe", "metodo": "GET", "caminho": "/debug/lento", "status": 200, "duracao_ms": 2001.29}
{"ts": "2026-08-31T23:15:33.750296+00:00", "request_id": "7c976c3bfb13", "metodo": "GET", "caminho": "/debug/lento", "status": 200, "duracao_ms": 2001.09}
{"ts": "2026-08-31T23:15:33.775492+00:00", "request_id": "55c7d499a06e", "metodo": "POST", "caminho": "/admin/manutencao", "status": 401, "duracao_ms": 1.49}
{"ts": "2026-08-31T23:15:33.779031+00:00", "evento": "manutencao_alterada", "ativo": true}
{"ts": "2026-08-31T23:15:33.779550+00:00", "request_id": "bf62c0cfa018", "metodo": "POST", "caminho": "/admin/manutencao", "status": 200, "duracao_ms": 1.08}
{"ts": "2026-08-31T23:15:33.781482+00:00", "request_id": "381455dd6bdd", "metodo": "GET", "caminho": "/oficinas", "status": 503, "duracao_ms": 0.01}
{"ts": "2026-08-31T23:15:33.784010+00:00", "evento": "manutencao_alterada", "ativo": false}
{"ts": "2026-08-31T23:15:33.784451+00:00", "request_id": "7f9df63a4007", "metodo": "POST", "caminho": "/admin/manutencao", "status": 200, "duracao_ms": 0.98}
{"ts": "2026-08-31T23:15:38.669053+00:00", "request_id": "7ec26bb82fb3", "metodo": "GET", "caminho": "/saude", "status": 200, "duracao_ms": 0.3}
{"ts": "2026-08-31T23:15:38.672724+00:00", "request_id": "16fc178f3eaa", "metodo": "POST", "caminho": "/oficinas", "status": 201, "duracao_ms": 2.05}
{"ts": "2026-08-31T23:15:38.682117+00:00", "request_id": "107cbcd33a6a", "metodo": "POST", "caminho": "/oficinas/10/inscricoes", "status": 409, "duracao_ms": 4.8}
{"ts": "2026-08-31T23:15:38.682560+00:00", "request_id": "c42f93c63573", "metodo": "POST", "caminho": "/oficinas/10/inscricoes", "status": 409, "duracao_ms": 5.21}
{"ts": "2026-08-31T23:15:38.683075+00:00", "request_id": "a41dd4cfac76", "metodo": "POST", "caminho": "/oficinas/10/inscricoes", "status": 409, "duracao_ms": 5.17}
{"ts": "2026-08-31T23:15:38.683824+00:00", "request_id": "bb86cdcd8f29", "metodo": "POST", "caminho": "/oficinas/10/inscricoes", "status": 409, "duracao_ms": 5.7}
{"ts": "2026-08-31T23:15:38.684523+00:00", "request_id": "6944e1211b46", "metodo": "POST", "caminho": "/oficinas/10/inscricoes", "status": 409, "duracao_ms": 6.12}
{"ts": "2026-08-31T23:15:38.684937+00:00", "request_id": "0f26688c69e7", "metodo": "POST", "caminho": "/oficinas/10/inscricoes", "status": 201, "duracao_ms": 8.6}
{"ts": "2026-08-31T23:15:38.685758+00:00", "request_id": "c94a9f826415", "metodo": "POST", "caminho": "/oficinas/10/inscricoes", "status": 409, "duracao_ms": 5.65}
{"ts": "2026-08-31T23:15:38.686180+00:00", "request_id": "2a635a32ff68", "metodo": "POST", "caminho": "/oficinas/10/inscricoes", "status": 409, "duracao_ms": 5.36}
{"ts": "2026-08-31T23:15:38.686599+00:00", "request_id": "0b0334dc1d6c", "metodo": "POST", "caminho": "/oficinas/10/inscricoes", "status": 409, "duracao_ms": 5.42}
{"ts": "2026-08-31T23:15:38.686986+00:00", "request_id": "9b7a5dc4846f", "metodo": "POST", "caminho": "/oficinas/10/inscricoes", "status": 409, "duracao_ms": 5.13}
{"ts": "2026-08-31T23:15:38.687320+00:00", "request_id": "600c01398cf4", "metodo": "POST", "caminho": "/oficinas/10/inscricoes", "status": 409, "duracao_ms": 4.31}
{"ts": "2026-08-31T23:15:38.687614+00:00", "request_id": "63508824aa82", "metodo": "POST", "caminho": "/oficinas/10/inscricoes", "status": 409, "duracao_ms": 3.87}
{"ts": "2026-08-31T23:15:38.689652+00:00", "request_id": "02287b95056f", "metodo": "GET", "caminho": "/oficinas/10", "status": 200, "duracao_ms": 0.41}
{"ts": "2026-08-31T23:15:38.693858+00:00", "request_id": "daa4c259a0db", "metodo": "POST", "caminho": "/oficinas", "status": 201, "duracao_ms": 2.52}
{"ts": "2026-08-31T23:15:38.695663+00:00", "request_id": "e2b1bb9971d8", "metodo": "GET", "caminho": "/oficinas/11", "status": 200, "duracao_ms": 0.37}
{"ts": "2026-08-31T23:15:38.697336+00:00", "request_id": "d4ccce65b1cb", "metodo": "GET", "caminho": "/oficinas/11", "status": 200, "duracao_ms": 0.39}
{"ts": "2026-08-31T23:15:38.700845+00:00", "request_id": "c6b88992742b", "metodo": "PATCH", "caminho": "/oficinas/11", "status": 200, "duracao_ms": 2.19}
{"ts": "2026-08-31T23:15:38.703319+00:00", "request_id": "7f6a74deb218", "metodo": "PATCH", "caminho": "/oficinas/11", "status": 412, "duracao_ms": 0.91}
{"ts": "2026-08-31T23:15:38.705686+00:00", "request_id": "6def57440bc8", "metodo": "GET", "caminho": "/oficinas/11", "status": 200, "duracao_ms": 0.85}
{"ts": "2026-08-31T23:15:38.708911+00:00", "request_id": "5b2fd5fd7064", "metodo": "GET", "caminho": "/oficinas/11", "status": 200, "duracao_ms": 1.51}
{"ts": "2026-08-31T23:15:38.712065+00:00", "request_id": "3ef84de655a8", "metodo": "PATCH", "caminho": "/oficinas/11", "status": 200, "duracao_ms": 1.66}
{"ts": "2026-08-31T23:21:10.856094+00:00", "request_id": "101804858ae8", "metodo": "GET", "caminho": "/saude", "status": 200, "duracao_ms": 1.4}
{"ts": "2026-08-31T23:21:10.875115+00:00", "request_id": "dad69e09b8e4", "metodo": "GET", "caminho": "/docs", "status": 200, "duracao_ms": 0.29}
